<?xml version="1.0" encoding="utf-8"?><testsuites><testsuite name="pytest" errors="0" failures="0" skipped="0" tests="1" time="0.029" timestamp="2022-12-13T13:52:06.629767" hostname="LAPTOP-QNOKRTD7"><testcase classname="pytest.exercises.pytest_exercises_01" name="test_test" time="0.001" /></testsuite></testsuites>